// Jest Snapshot v1, https://goo.gl/fbAQLP

exports[`<Avatar /> snapshot renders correctly 1`] = `
<div
  className="MuiAvatar-root-4 MuiAvatar-colorDefault-5"
  style={
    Object {
      "backgroundColor": "#673ab7",
    }
  }
>
  TN
</div>
`;
